// Jest Snapshot v1, https://goo.gl/fbAQLP

exports[`<Remove /> should render correctly 1`] = `
<button
  className="sc-AxjAm fbqdBC"
  onClick={[Function]}
>
  Remove
</button>
`;
