// Jest Snapshot v1, https://goo.gl/fbAQLP

exports[`<Landing /> should render correctly 1`] = `<div />`;

exports[`<ListEmployees /> should render correctly 1`] = `<div />`;
