// Jest Snapshot v1, https://goo.gl/fbAQLP

exports[`<Question /> should render correctly 1`] = `<div />`;
